/home/skylark/git/azuki-tcg/.venv/lib/python3.14/site-packages/torch/cuda/__init__.py:61: FutureWarning: The pynvml package is deprecated. Please install nvidia-ml-py instead. If you did not install pynvml directly, please report this to the maintainers of the package that installed pynvml for you.
  import pynvml  # type: ignore[import]
Gym has been unmaintained since 2022 and does not support NumPy 2.0 amongst other critical functionality.
Please upgrade to Gymnasium, the maintained drop-in replacement of Gym, or contact the authors of your software and request that they upgrade.
See the migration guide at https://gymnasium.farama.org/introduction/migration_guide/ for additional information.
/home/skylark/git/azuki-tcg/.venv/lib/python3.14/site-packages/gymnasium/spaces/box.py:240: UserWarning: [33mWARN: Casting input x to numpy array.[0m
  gym.logger.warn("Casting input x to numpy array.")
/home/skylark/git/azuki-tcg/python/src/azk_puffer/pytorch.py:131: FutureWarning: _check_is_size will be removed in a future PyTorch release along with guard_size_oblivious.     Use _check(i >= 0) instead.
  torch._check_is_size(offset)
/home/skylark/git/azuki-tcg/python/src/azk_puffer/pytorch.py:132: FutureWarning: _check_is_size will be removed in a future PyTorch release along with guard_size_oblivious.     Use _check(i >= 0) instead.
  torch._check_is_size(delta)
/home/skylark/git/azuki-tcg/python/src/azk_puffer/pytorch.py:131: FutureWarning: _check_is_size will be removed in a future PyTorch release along with guard_size_oblivious.     Use _check(i >= 0) instead.
  torch._check_is_size(offset)
[resume] loaded model checkpoint: path=experiments/azuki_local_s14prod45_178404911119/model_azuki_local_002000.pt, strict=False, missing_keys=0, unexpected_keys=0, materialized_scalar_norm_features=23, scalar_norm_state_keys=69, filtered_static_card_keys=0
[1/75] 29.0s (29.0s/game) p0=0 p1=1 draws=0 steps=219 gates=EchoedWaves(W)vStonehaven(E)
[10/75] 200.3s (20.0s/game) p0=4 p1=6 draws=0 steps=125 gates=Devotion(E)vHydromancy(W)
[20/75] 412.9s (20.6s/game) p0=12 p1=8 draws=0 steps=110 gates=Rushfire(F)vRagefire(F)
[30/75] 611.5s (20.4s/game) p0=16 p1=14 draws=0 steps=121 gates=Devotion(E)vHydromancy(W)
[40/75] 789.8s (19.7s/game) p0=19 p1=21 draws=0 steps=136 gates=Devotion(E)vStormchain(L)
[50/75] 988.4s (19.8s/game) p0=25 p1=25 draws=0 steps=94 gates=EchoedWaves(W)vSurge(L)
[60/75] 1194.7s (19.9s/game) p0=30 p1=30 draws=0 steps=170 gates=Hydromancy(W)vStonehaven(E)
[70/75] 1371.8s (19.6s/game) p0=32 p1=38 draws=0 steps=80 gates=Surge(L)vSurge(L)
wrote train-ablation-1781126582/results/selfplay_ep2000/games_shard0.jsonl (75 games, 1459.9s)
