/home/skylark/git/azuki-tcg/.venv/lib/python3.14/site-packages/torch/cuda/__init__.py:61: FutureWarning: The pynvml package is deprecated. Please install nvidia-ml-py instead. If you did not install pynvml directly, please report this to the maintainers of the package that installed pynvml for you.
  import pynvml  # type: ignore[import]
Gym has been unmaintained since 2022 and does not support NumPy 2.0 amongst other critical functionality.
Please upgrade to Gymnasium, the maintained drop-in replacement of Gym, or contact the authors of your software and request that they upgrade.
See the migration guide at https://gymnasium.farama.org/introduction/migration_guide/ for additional information.
/home/skylark/git/azuki-tcg/.venv/lib/python3.14/site-packages/gymnasium/spaces/box.py:240: UserWarning: [33mWARN: Casting input x to numpy array.[0m
  gym.logger.warn("Casting input x to numpy array.")
/home/skylark/git/azuki-tcg/python/src/azk_puffer/pytorch.py:131: FutureWarning: _check_is_size will be removed in a future PyTorch release along with guard_size_oblivious.     Use _check(i >= 0) instead.
  torch._check_is_size(offset)
/home/skylark/git/azuki-tcg/python/src/azk_puffer/pytorch.py:132: FutureWarning: _check_is_size will be removed in a future PyTorch release along with guard_size_oblivious.     Use _check(i >= 0) instead.
  torch._check_is_size(delta)
/home/skylark/git/azuki-tcg/python/src/azk_puffer/pytorch.py:131: FutureWarning: _check_is_size will be removed in a future PyTorch release along with guard_size_oblivious.     Use _check(i >= 0) instead.
  torch._check_is_size(offset)
[resume] loaded model checkpoint: path=experiments/azuki_local_s14prod45_178404911119/model_azuki_local_002000.pt, strict=False, missing_keys=0, unexpected_keys=0, materialized_scalar_norm_features=23, scalar_norm_state_keys=69, filtered_static_card_keys=0
[1/75] 22.6s (22.6s/game) p0=1 p1=0 draws=0 steps=145 gates=Stormchain(L)vSurge(L)
[10/75] 211.2s (21.1s/game) p0=6 p1=4 draws=0 steps=139 gates=Hydromancy(W)vEchoedWaves(W)
[20/75] 438.4s (21.9s/game) p0=11 p1=9 draws=0 steps=168 gates=Surge(L)vStonehaven(E)
[30/75] 655.4s (21.8s/game) p0=17 p1=13 draws=0 steps=167 gates=Devotion(E)vDevotion(E)
[40/75] 865.3s (21.6s/game) p0=24 p1=16 draws=0 steps=185 gates=EchoedWaves(W)vDevotion(E)
[50/75] 1058.2s (21.2s/game) p0=28 p1=22 draws=0 steps=125 gates=Surge(L)vStonehaven(E)
[60/75] 1257.2s (21.0s/game) p0=31 p1=29 draws=0 steps=86 gates=Rushfire(F)vRushfire(F)
[70/75] 1448.1s (20.7s/game) p0=37 p1=33 draws=0 steps=105 gates=Surge(L)vSurge(L)
wrote train-ablation-1781126582/results/selfplay_ep2000/games_shard1.jsonl (75 games, 1528.1s)
