Gym has been unmaintained since 2022 and does not support NumPy 2.0 amongst other critical functionality.
Please upgrade to Gymnasium, the maintained drop-in replacement of Gym, or contact the authors of your software and request that they upgrade.
See the migration guide at https://gymnasium.farama.org/introduction/migration_guide/ for additional information.
/home/skylark/git/azuki-tcg/.venv/lib/python3.14/site-packages/torch/cuda/__init__.py:61: FutureWarning: The pynvml package is deprecated. Please install nvidia-ml-py instead. If you did not install pynvml directly, please report this to the maintainers of the package that installed pynvml for you.
  import pynvml  # type: ignore[import]
Gym has been unmaintained since 2022 and does not support NumPy 2.0 amongst other critical functionality.
Please upgrade to Gymnasium, the maintained drop-in replacement of Gym, or contact the authors of your software and request that they upgrade.
See the migration guide at https://gymnasium.farama.org/introduction/migration_guide/ for additional information.
Gym has been unmaintained since 2022 and does not support NumPy 2.0 amongst other critical functionality.
Please upgrade to Gymnasium, the maintained drop-in replacement of Gym, or contact the authors of your software and request that they upgrade.
See the migration guide at https://gymnasium.farama.org/introduction/migration_guide/ for additional information.
/home/skylark/git/azuki-tcg/.venv/lib/python3.14/site-packages/torch/cuda/__init__.py:61: FutureWarning: The pynvml package is deprecated. Please install nvidia-ml-py instead. If you did not install pynvml directly, please report this to the maintainers of the package that installed pynvml for you.
  import pynvml  # type: ignore[import]
/home/skylark/git/azuki-tcg/.venv/lib/python3.14/site-packages/torch/cuda/__init__.py:61: FutureWarning: The pynvml package is deprecated. Please install nvidia-ml-py instead. If you did not install pynvml directly, please report this to the maintainers of the package that installed pynvml for you.
  import pynvml  # type: ignore[import]
/home/skylark/git/azuki-tcg/.venv/lib/python3.14/site-packages/gymnasium/spaces/box.py:240: UserWarning: [33mWARN: Casting input x to numpy array.[0m
  gym.logger.warn("Casting input x to numpy array.")
/home/skylark/git/azuki-tcg/python/src/azk_puffer/pytorch.py:131: FutureWarning: _check_is_size will be removed in a future PyTorch release along with guard_size_oblivious.     Use _check(i >= 0) instead.
  torch._check_is_size(offset)
/home/skylark/git/azuki-tcg/python/src/azk_puffer/pytorch.py:132: FutureWarning: _check_is_size will be removed in a future PyTorch release along with guard_size_oblivious.     Use _check(i >= 0) instead.
  torch._check_is_size(delta)
/home/skylark/git/azuki-tcg/python/src/azk_puffer/pytorch.py:131: FutureWarning: _check_is_size will be removed in a future PyTorch release along with guard_size_oblivious.     Use _check(i >= 0) instead.
  torch._check_is_size(offset)
/home/skylark/git/azuki-tcg/.venv/lib/python3.14/site-packages/gymnasium/spaces/box.py:240: UserWarning: [33mWARN: Casting input x to numpy array.[0m
  gym.logger.warn("Casting input x to numpy array.")
/home/skylark/git/azuki-tcg/python/src/azk_puffer/pytorch.py:131: FutureWarning: _check_is_size will be removed in a future PyTorch release along with guard_size_oblivious.     Use _check(i >= 0) instead.
  torch._check_is_size(offset)
/home/skylark/git/azuki-tcg/python/src/azk_puffer/pytorch.py:132: FutureWarning: _check_is_size will be removed in a future PyTorch release along with guard_size_oblivious.     Use _check(i >= 0) instead.
  torch._check_is_size(delta)
/home/skylark/git/azuki-tcg/python/src/azk_puffer/pytorch.py:131: FutureWarning: _check_is_size will be removed in a future PyTorch release along with guard_size_oblivious.     Use _check(i >= 0) instead.
  torch._check_is_size(offset)
[resume] loaded model checkpoint: path=experiments/azuki_local_rs3tempreal15_178418553588/model_azuki_local_000300.pt, strict=False, missing_keys=0, unexpected_keys=0, materialized_scalar_norm_features=23, scalar_norm_state_keys=69, filtered_static_card_keys=0
[resume] loaded model checkpoint: path=experiments/azuki_local_rs3tempreal15_178418553588/model_azuki_local_000300.pt, strict=False, missing_keys=0, unexpected_keys=0, materialized_scalar_norm_features=23, scalar_norm_state_keys=69, filtered_static_card_keys=0
{
  "episodes": 48,
  "drafter_seat": 1,
  "fixed_seat": 0,
  "drafter_win_rate": 0.4375,
  "timeout_rate": 0.0,
  "avg_steps": 146.45833333333334,
  "per_gate": {
    "AZK01-120": {
      "games": 8,
      "win_rate": 0.375
    },
    "AZK01-122": {
      "games": 4,
      "win_rate": 0.75
    },
    "AZK01-124": {
      "games": 8,
      "win_rate": 0.375
    },
    "AZK01-126": {
      "games": 4,
      "win_rate": 0.25
    },
    "STT01-002": {
      "games": 10,
      "win_rate": 0.5
    },
    "STT02-002": {
      "games": 6,
      "win_rate": 0.3333333333333333
    },
    "STT03-002": {
      "games": 2,
      "win_rate": 1.0
    },
    "STT04-002": {
      "games": 6,
      "win_rate": 0.3333333333333333
    }
  }
}
{
  "episodes": 48,
  "drafter_seat": 0,
  "fixed_seat": 1,
  "drafter_win_rate": 0.375,
  "timeout_rate": 0.0,
  "avg_steps": 149.5625,
  "per_gate": {
    "AZK01-120": {
      "games": 8,
      "win_rate": 0.625
    },
    "AZK01-122": {
      "games": 4,
      "win_rate": 0.25
    },
    "AZK01-124": {
      "games": 8,
      "win_rate": 0.5
    },
    "AZK01-126": {
      "games": 9,
      "win_rate": 0.1111111111111111
    },
    "STT01-002": {
      "games": 2,
      "win_rate": 0.5
    },
    "STT02-002": {
      "games": 6,
      "win_rate": 0.16666666666666666
    },
    "STT03-002": {
      "games": 4,
      "win_rate": 0.5
    },
    "STT04-002": {
      "games": 7,
      "win_rate": 0.42857142857142855
    }
  }
}
combined drafter win rate (seat-fair): 0.4062 over 96 episodes
